cli mode, Current OrcaSlicer Version 2.5.0-dev
Will start to read model file now, file count :1
allow_multicolor_oneplate 1, allow_rotations 1 skip_modified_gcodes 0 avoid_extrusion_cali_region 0 loaded_filament_ids size 0, clone_objects size 0, skip_useless_pick 0, allow_newer_file 0, allow_mix_temp 0
plate_to_slice=0, normative_check=1, use_first_fila_as_default=0
read model file:/home/cagatay/strands-cad/examples/props/cube_30_plate.3mf
model 0xffffdec7aba0, id 3, backup_path empty, set to /tmp/orcaslicer_1000/orcaslicer_model/Sun_Jul_19/19_57_23#484428#3
create /3D/Objects in "/tmp/orcaslicer_1000/orcaslicer_model/Sun_Jul_19/19_57_23#484428#3"
create /Metadata in "/tmp/orcaslicer_1000/orcaslicer_model/Sun_Jul_19/19_57_23#484428#3"
create /lock.txt in "/tmp/orcaslicer_1000/orcaslicer_model/Sun_Jul_19/19_57_23#484428#3"
_load_model_from_file:1741import 3mf IMPORT_STAGE_OPEN, m_load_restore=0
_load_model_from_file:1777import 3mf IMPORT_STAGE_READ_FILES
load_3mf found metadata key = Title, value = cube_30
_load_model_from_file:1928extract 1th file [Content_Types].xml, total=3
_load_model_from_file:2033, [Content_Types].xml skipped, already parsed or a directory or not supported
_load_model_from_file:1928extract 2th file _rels/.rels, total=3
_load_model_from_file:2033, _rels/.rels skipped, already parsed or a directory or not supported
_load_model_from_file:1928extract 3th file 3D/3dmodel.model, total=3
_load_model_from_file:2033, 3D/3dmodel.model skipped, already parsed or a directory or not supported
_load_model_from_file:2043, found 3mf from other vendor, split as instance
_load_model_from_file:2085, process group colors, size 0
_load_model_from_file:2100, begin to assemble objects, size 1
_generate_volumes_new: line 5061, subobject_id 1, shared_mesh_id 1
_load_model_from_file:2300import 3mf IMPORT_STAGE_LOADING_PLATES, m_plater_data size 0, m_backup_path /tmp/orcaslicer_1000/orcaslicer_model/Sun_Jul_19/19_57_23#484428#3
_load_model_from_file:2411import 3mf IMPORT_STAGE_FINISH
object cube_30, id :5, from stl or other 3mf
run:before load settings, file count=2
operator():load setting file /home/cagatay/.local/share/OrcaSlicer/resources/profiles/BBL/machine/Bambu Lab X2D 0.4 nozzle.json, with rule 1
no substitutions performed from file /home/cagatay/.local/share/OrcaSlicer/resources/profiles/BBL/machine/Bambu Lab X2D 0.4 nozzle.json
loaded machine config /home/cagatay/.local/share/OrcaSlicer/resources/profiles/BBL/machine/Bambu Lab X2D 0.4 nozzle.json, type Bambu Lab X2D 0.4 nozzle, name system, inherits Bambu Lab X2D 0.4 nozzle, printer_model_id 
operator():load setting file /home/cagatay/.local/share/OrcaSlicer/resources/profiles/BBL/process/0.20mm Standard @BBL X2D.json, with rule 1
no substitutions performed from file /home/cagatay/.local/share/OrcaSlicer/resources/profiles/BBL/process/0.20mm Standard @BBL X2D.json
loaded process config /home/cagatay/.local/share/OrcaSlicer/resources/profiles/BBL/process/0.20mm Standard @BBL X2D.json, type 0.20mm Standard @BBL X2D, name system, inherits 0.20mm Standard @BBL X2D
operator():load setting file /home/cagatay/.local/share/OrcaSlicer/resources/profiles/BBL/filament/Bambu PLA Basic @base.json, with rule 1
no substitutions performed from file /home/cagatay/.local/share/OrcaSlicer/resources/profiles/BBL/filament/Bambu PLA Basic @base.json
loaded filament 1 from file /home/cagatay/.local/share/OrcaSlicer/resources/profiles/BBL/filament/Bambu PLA Basic @base.json, type system, name Bambu PLA Basic @base, inherits 
current printer , new printer Bambu Lab X2D 0.4 nozzle, current process , new process 0.20mm Standard @BBL X2D
current printer inherits , new printer inherits Bambu Lab X2D 0.4 nozzle, current process inherits , new process inherits 0.20mm Standard @BBL X2D
index 0, new print compatible printer Bambu Lab X2D 0.4 nozzle
new printer Bambu Lab X2D 0.4 nozzle, inherited from Bambu Lab X2D 0.4 nozzle, new process 0.20mm Standard @BBL X2D, inherited from 0.20mm Standard @BBL X2D ,compatible 1
update printer config to newest, different size 0, different_settings: 
update_full_config: config keys count 45
load a new printer, update all the keys, different_settings: 
check printer cli safe params, current_printer_name , new_printer_name Bambu Lab X2D 0.4 nozzle, printer_model Bambu Lab X2D
line 2892 , will parse file /home/cagatay/.local/share/OrcaSlicer/resources/profiles/BBL/cli_config.json
can not find machine_limits for printer Bambu Lab X2D in cli_config.json
update process config to newest, different size 0, different_settings: 
update_full_config: config keys count 18
load a new process, update all the keys, different_settings: 
update filament 1's config to newest, different size 0, name Bambu PLA Basic @base, different_settings 
skip scalar option inherits from filament 1: Bambu PLA Basic @base
no filament colors found in projects
total 1 models, 0 objects
3672, remove_wrapping_detect 0, old value 0
Line 3779: shared_printable_size {235, 256, 256}, shared_center {138, 128}
translate_old 0, shrink_to_new_bed 0, old bed size {256, 256, 261}
reset_size:before size: plate_width 0, plate_depth 0, plate_height 0
reset_size:after size: plate_width 256, plate_depth 256, plate_height 261
set_pos_and_size: plate_id 0, before, origin {0,0,0}, plate_width 0, plate_depth 0, plate_height 0
set_pos_and_size: with_instance_move 0, after, origin {0,0,0}, plate_width 256, plate_depth 256, plate_height 261
update_slice_result_valid_state: plate 0 , update slice result from 0 to 0
set_pos_and_size: plate_id 1, before, origin {0,0,0}, plate_width 0, plate_depth 0, plate_height 0
set_pos_and_size: with_instance_move 0, after, origin {307.2,0,0}, plate_width 256, plate_depth 256, plate_height 261
update_slice_result_valid_state: plate 1 , update slice result from 0 to 0
update_slice_result_valid_state: plate 0 , update slice result from 0 to 0
update_slice_result_valid_state: plate 1 , update slice result from 0 to 0
will start transforms, commands count 0
finished model pre-process commands
before arrange, need_arrange=1, duplicate_count 0, filament_color_changed 0
Arrange full params: {"min_obj_distance":0,"accuracy":1.000000,"parallel":1,"allow_rotations":1,"do_final_align":1,"allow_multi_materials_on_same_plate":1,"avoid_extrusion_cali_region":0,"is_seq_print":0,"bed_shrink_x":3.400000,"bed_shrink_y":3.400000,"brim_skirt_distance":2.400000,"clearance_height_to_rod":32.799999,"clearance_height_to_lid":133.000000,"clearance_radius":60.000000,"printable_height":261.000000,
arrange: items selected before arranging: 1
arrange: items unselected before arranging: 0
start 1 th arranging...
finished 1 th arranging...
update_slice_result_valid_state: plate 0 , update slice result from 0 to 0
update_slice_result_valid_state: plate 1 , update slice result from 0 to 0
rebuild_plates_after_arrangement:before rebuild, plates count 1, recycle_plates 1
update_slice_result_valid_state: plate 0 , update slice result from 0 to 0
update_slice_result_valid_state: plate 1 , update slice result from 0 to 0
add_instance: plate 0 , m_ready_for_slice changes to 1
rebuild_plates_after_arrangement:after rebuild, plates count 1
Need to slice for plate 0, total plate count 1 partplates!
Plate 1: pre_check 1, start
update_print_volume_state, print_volume {0, 0, 0} to {256, 256, 261}, got 1 printable istances
5870 :filament map mode is 0 
plate 1: load cached data success, go on.
apply, Line 1134: enter
apply, has_scarf_joint_seam:false
update_values_to_printer_extruders, Line 10489: extruder_count 2, extruder_nozzle_volume_count 2
update_values_to_printer_extruders, Line 10489: extruder_count 2, extruder_nozzle_volume_count 2
update_values_to_printer_extruders, Line 10489: extruder_count 2, extruder_nozzle_volume_count 2
update_values_to_printer_extruders_for_multiple_filaments, Line 10684: extruder_count 2, extruder_nozzle_volume_count 2
update_values_to_printer_extruders_for_multiple_filaments, Line 10807: option filament_deretraction_speed not found, skipping
update_values_to_printer_extruders_for_multiple_filaments, Line 10870: option filament_long_retractions_when_cut not found, skipping
update_values_to_printer_extruders_for_multiple_filaments, Line 10828: option filament_retract_after_wipe not found, skipping
update_values_to_printer_extruders_for_multiple_filaments, Line 10828: option filament_retract_before_wipe not found, skipping
update_values_to_printer_extruders_for_multiple_filaments, Line 10807: option filament_retract_lift_above not found, skipping
update_values_to_printer_extruders_for_multiple_filaments, Line 10807: option filament_retract_lift_below not found, skipping
update_values_to_printer_extruders_for_multiple_filaments, Line 10891: option filament_retract_lift_enforce not found, skipping
update_values_to_printer_extruders_for_multiple_filaments, Line 10807: option filament_retract_restart_extra not found, skipping
update_values_to_printer_extruders_for_multiple_filaments, Line 10870: option filament_retract_when_changing_layer not found, skipping
update_values_to_printer_extruders_for_multiple_filaments, Line 10807: option filament_retraction_distances_when_cut not found, skipping
update_values_to_printer_extruders_for_multiple_filaments, Line 10807: option filament_retraction_length not found, skipping
update_values_to_printer_extruders_for_multiple_filaments, Line 10807: option filament_retraction_minimum_travel not found, skipping
update_values_to_printer_extruders_for_multiple_filaments, Line 10807: option filament_retraction_speed not found, skipping
update_values_to_printer_extruders_for_multiple_filaments, Line 10870: option filament_wipe not found, skipping
update_values_to_printer_extruders_for_multiple_filaments, Line 10807: option filament_wipe_distance not found, skipping
update_values_to_printer_extruders_for_multiple_filaments, Line 10807: option filament_z_hop not found, skipping
update_values_to_printer_extruders_for_multiple_filaments, Line 10891: option filament_z_hop_types not found, skipping
apply, got print_diff 79, object_diff 19, region_diff 18, set status to APPLY_STATUS_CHANGED
apply 1384: found full_config_diff changed.
apply 1715: found print object changed.
apply 1921: finished,  this 0xaaaae0d574c0, m_modified_count 1, apply_status 1, m_support_used 0
set no_check to 0:
printer_model_string: Bambu Lab X2D, is_bbl_vendor_preset 1
got warnings: The acceleration setting exceeds the printer's maximum acceleration (machine_max_acceleration_extruding).
Orca will automatically cap the acceleration speed to ensure it doesn't surpass the printer's capabilities.
You can adjust the machine_max_acceleration_extruding value in your printer's configuration to get higher speeds.
start Print::process for partplate 1
cli callback mgr started:  false
set print's callback to default_status_callback.
process: this=0xaaaae0d574c0, enter, use_cache=0, object size=1
process: total object counts 1 in current print, need to slice 1
Starting the slicing process. Resident memory: 88MB; Shared memory: 69MB; Private memory: 19MB; Peak memory usage: 124MB
Slicing volumes... Resident memory: 88MB; Shared memory: 69MB; Private memory: 19MB; Peak memory usage: 124MB
Make overhang printable...
angle 0.959931 maxHoleArea 0 tan_angle 1.42815
layer_thickness 0.2 max_dist_from_lower_layer 0.28563
Generating walls... Resident memory: 102MB; Shared memory: 69MB; Private memory: 33MB; Peak memory usage: 124MB
Detecting solid surfaces... Resident memory: 104MB; Shared memory: 70MB; Private memory: 35MB; Peak memory usage: 124MB
Preparing fill surfaces... Resident memory: 105MB; Shared memory: 70MB; Private memory: 35MB; Peak memory usage: 124MB
Discovering vertical shells... Resident memory: 105MB; Shared memory: 70MB; Private memory: 35MB; Peak memory usage: 124MB
Processing external surfaces... Resident memory: 106MB; Shared memory: 70MB; Private memory: 36MB; Peak memory usage: 124MB
Bridge over infill - Start Resident memory: 106MB; Shared memory: 70MB; Private memory: 36MB; Peak memory usage: 124MB
Bridge over infill - Directions and expanded surfaces computed Resident memory: 106MB; Shared memory: 70MB; Private memory: 36MB; Peak memory usage: 124MB
Bridge over infill - End Resident memory: 106MB; Shared memory: 70MB; Private memory: 36MB; Peak memory usage: 124MB
max_cantilever_dist=0
is_support_necessary takes 0 secs.
update_filament_maps_to_config: filament maps changed after pre-slicing.
update_values_to_printer_extruders_for_multiple_filaments, Line 10684: extruder_count 2, extruder_nozzle_volume_count 2
update_values_to_printer_extruders_for_multiple_filaments, Line 10807: option filament_deretraction_speed not found, skipping
update_values_to_printer_extruders_for_multiple_filaments, Line 10870: option filament_long_retractions_when_cut not found, skipping
update_values_to_printer_extruders_for_multiple_filaments, Line 10828: option filament_retract_after_wipe not found, skipping
update_values_to_printer_extruders_for_multiple_filaments, Line 10828: option filament_retract_before_wipe not found, skipping
update_values_to_printer_extruders_for_multiple_filaments, Line 10807: option filament_retract_lift_above not found, skipping
update_values_to_printer_extruders_for_multiple_filaments, Line 10807: option filament_retract_lift_below not found, skipping
update_values_to_printer_extruders_for_multiple_filaments, Line 10891: option filament_retract_lift_enforce not found, skipping
update_values_to_printer_extruders_for_multiple_filaments, Line 10807: option filament_retract_restart_extra not found, skipping
update_values_to_printer_extruders_for_multiple_filaments, Line 10870: option filament_retract_when_changing_layer not found, skipping
update_values_to_printer_extruders_for_multiple_filaments, Line 10807: option filament_retraction_distances_when_cut not found, skipping
update_values_to_printer_extruders_for_multiple_filaments, Line 10807: option filament_retraction_length not found, skipping
update_values_to_printer_extruders_for_multiple_filaments, Line 10807: option filament_retraction_minimum_travel not found, skipping
update_values_to_printer_extruders_for_multiple_filaments, Line 10807: option filament_retraction_speed not found, skipping
update_values_to_printer_extruders_for_multiple_filaments, Line 10870: option filament_wipe not found, skipping
update_values_to_printer_extruders_for_multiple_filaments, Line 10807: option filament_wipe_distance not found, skipping
update_values_to_printer_extruders_for_multiple_filaments, Line 10807: option filament_z_hop not found, skipping
update_values_to_printer_extruders_for_multiple_filaments, Line 10891: option filament_z_hop_types not found, skipping
gcode path conflicts check takes 0 secs.
Slicing process finished. Resident memory: 110MB; Shared memory: 71MB; Private memory: 39MB; Peak memory usage: 124MB
print::process: first time_using_cache is 0 secs.
process finished, will export gcode temporarily to /home/cagatay/strands-cad/examples/props/plate_1.gcode
reset 2560: this=0xffffdec7a678 reset finished
Will export G-code to /home/cagatay/strands-cad/examples/props/plate_1.gcode soon
Exporting G-code... Resident memory: 110MB; Shared memory: 71MB; Private memory: 39MB; Peak memory usage: 124MB
reset 2560: this=0xffffdec7a678 reset finished
rename_file from /home/cagatay/strands-cad/examples/props/plate_1.gcode.tmp to /home/cagatay/strands-cad/examples/props/plate_1.gcode successfully
Exporting G-code finished Resident memory: 135MB; Shared memory: 71MB; Private memory: 63MB; Peak memory usage: 135MB
export_gcode finished: time_using_cache update to 0 secs.
Slicing result exported to /home/cagatay/strands-cad/examples/props/plate_1.gcode
update_slice_result_valid_state: plate 0 , update slice result from 0 to 1
cli_callback_mgr_t::stop enter.
cli_callback_mgr_t::stop not started before, return directly.
remove_backup_path_if_existmodel 0xaaaae0d18ea0, id 3 remove backup_path /tmp/orcaslicer_1000/orcaslicer_model/Sun_Jul_19/19_57_23#484428#3
run, Finished
record_exit_reson:458, saved config to /home/cagatay/strands-cad/examples/props/result.json
update_slice_result_valid_state: plate 0 , update slice result from 1 to 0
update_slice_result_valid_state: plate 0 , update slice result from 0 to 0
~PrintObject: this=0xaaaae0eb34d0, m_shared_object 0
update_slice_result_valid_state: plate 1 , update slice result from 0 to 0
update_slice_result_valid_state: plate 1 , update slice result from 0 to 0
